<?xml version="1.0" encoding="UTF-8"?>
<testsuites>
  <testsuite name="/home/emir/Desktop/sentinentx/phpunit.xml" tests="10" assertions="3" errors="9" failures="0" skipped="0" time="2.347365">
    <testsuite name="Unit" tests="10" assertions="3" errors="9" failures="0" skipped="0" time="2.347365">
      <testsuite name="Tests\Unit\Services\Trading\DailyPnLServiceTest" file="/home/emir/Desktop/sentinentx/tests/Unit/Services/Trading/DailyPnLServiceTest.php" tests="10" assertions="3" errors="9" failures="0" skipped="0" time="2.347365">
        <testcase name="test_handles_carry_over_positions" file="/home/emir/Desktop/sentinentx/tests/Unit/Services/Trading/DailyPnLServiceTest.php" line="88" class="Tests\Unit\Services\Trading\DailyPnLServiceTest" classname="Tests.Unit.Services.Trading.DailyPnLServiceTest" assertions="0" time="1.278948">
          <error type="Illuminate\Database\QueryException">Tests\Unit\Services\Trading\DailyPnLServiceTest::test_handles_carry_over_positions
Illuminate\Database\QueryException: SQLSTATE[HY000]: General error: 1 table trades has no column named user_id (Connection: sqlite, SQL: insert into "trades" ("symbol", "side", "status", "margin_mode", "leverage", "qty", "entry_price", "take_profit", "stop_loss", "pnl", "pnl_realized", "fees_total", "bybit_order_id", "opened_at", "closed_at", "meta", "created_at", "updated_at", "user_id") values (ETHUSDT, SHORT, OPEN, ISOLATED, 18, 1, 2700, 31430.446, 33746.3736, 694.3, -660.3, 7.76, 51241e72-9b90-39ac-b7ff-78518d1a15a4, 2025-08-07 09:32:12, 2025-07-30 15:23:31, "{\"source\":\"E2E_TEST\",\"confidence\":95}", 2024-12-31 00:00:00, 2025-01-01 00:00:00, 1))

/home/emir/Desktop/sentinentx/vendor/laravel/framework/src/Illuminate/Database/Connection.php:824
/home/emir/Desktop/sentinentx/vendor/laravel/framework/src/Illuminate/Database/Connection.php:778
/home/emir/Desktop/sentinentx/vendor/laravel/framework/src/Illuminate/Database/Connection.php:559
/home/emir/Desktop/sentinentx/vendor/laravel/framework/src/Illuminate/Database/Connection.php:523
/home/emir/Desktop/sentinentx/vendor/laravel/framework/src/Illuminate/Database/Query/Processors/Processor.php:32
/home/emir/Desktop/sentinentx/vendor/laravel/framework/src/Illuminate/Database/Query/Builder.php:3853
/home/emir/Desktop/sentinentx/vendor/laravel/framework/src/Illuminate/Database/Eloquent/Builder.php:2220
/home/emir/Desktop/sentinentx/vendor/laravel/framework/src/Illuminate/Database/Eloquent/Model.php:1434
/home/emir/Desktop/sentinentx/vendor/laravel/framework/src/Illuminate/Database/Eloquent/Model.php:1399
/home/emir/Desktop/sentinentx/vendor/laravel/framework/src/Illuminate/Database/Eloquent/Model.php:1238
/home/emir/Desktop/sentinentx/vendor/laravel/framework/src/Illuminate/Database/Eloquent/Factories/Factory.php:367
/home/emir/Desktop/sentinentx/vendor/laravel/framework/src/Illuminate/Collections/Traits/EnumeratesValues.php:271
/home/emir/Desktop/sentinentx/vendor/laravel/framework/src/Illuminate/Database/Eloquent/Factories/Factory.php:362
/home/emir/Desktop/sentinentx/vendor/laravel/framework/src/Illuminate/Database/Eloquent/Factories/Factory.php:318
/home/emir/Desktop/sentinentx/vendor/laravel/framework/src/Illuminate/Database/Eloquent/Factories/Factory.php:312
/home/emir/Desktop/sentinentx/tests/Unit/Services/Trading/DailyPnLServiceTest.php:95</error>
        </testcase>
        <testcase name="test_handles_significant_loss" file="/home/emir/Desktop/sentinentx/tests/Unit/Services/Trading/DailyPnLServiceTest.php" line="184" class="Tests\Unit\Services\Trading\DailyPnLServiceTest" classname="Tests.Unit.Services.Trading.DailyPnLServiceTest" assertions="0" time="0.106529">
          <error type="Illuminate\Database\QueryException">Tests\Unit\Services\Trading\DailyPnLServiceTest::test_handles_significant_loss
Illuminate\Database\QueryException: SQLSTATE[HY000]: General error: 1 table trades has no column named user_id (Connection: sqlite, SQL: insert into "trades" ("symbol", "side", "status", "margin_mode", "leverage", "qty", "entry_price", "take_profit", "stop_loss", "pnl", "pnl_realized", "fees_total", "bybit_order_id", "opened_at", "closed_at", "meta", "created_at", "updated_at", "user_id", "fees_paid") values (BTCUSDT, SHORT, CLOSED, ISOLATED, 18, 6.3248, 59774.62, 56785.889, 60970.1124, -75, 57.95, 33.49, 74a35cc7-81a0-3f75-8800-3c1617cbe691, 2025-07-28 15:54:08, 2025-01-01 10:00:00, "{\"source\":\"E2E_TEST\",\"confidence\":80}", 2025-08-03 21:18:42, 2025-01-01 00:00:00, 1, 5))

/home/emir/Desktop/sentinentx/vendor/laravel/framework/src/Illuminate/Database/Connection.php:824
/home/emir/Desktop/sentinentx/vendor/laravel/framework/src/Illuminate/Database/Connection.php:778
/home/emir/Desktop/sentinentx/vendor/laravel/framework/src/Illuminate/Database/Connection.php:559
/home/emir/Desktop/sentinentx/vendor/laravel/framework/src/Illuminate/Database/Connection.php:523
/home/emir/Desktop/sentinentx/vendor/laravel/framework/src/Illuminate/Database/Query/Processors/Processor.php:32
/home/emir/Desktop/sentinentx/vendor/laravel/framework/src/Illuminate/Database/Query/Builder.php:3853
/home/emir/Desktop/sentinentx/vendor/laravel/framework/src/Illuminate/Database/Eloquent/Builder.php:2220
/home/emir/Desktop/sentinentx/vendor/laravel/framework/src/Illuminate/Database/Eloquent/Model.php:1434
/home/emir/Desktop/sentinentx/vendor/laravel/framework/src/Illuminate/Database/Eloquent/Model.php:1399
/home/emir/Desktop/sentinentx/vendor/laravel/framework/src/Illuminate/Database/Eloquent/Model.php:1238
/home/emir/Desktop/sentinentx/vendor/laravel/framework/src/Illuminate/Database/Eloquent/Factories/Factory.php:367
/home/emir/Desktop/sentinentx/vendor/laravel/framework/src/Illuminate/Collections/Traits/EnumeratesValues.php:271
/home/emir/Desktop/sentinentx/vendor/laravel/framework/src/Illuminate/Database/Eloquent/Factories/Factory.php:362
/home/emir/Desktop/sentinentx/vendor/laravel/framework/src/Illuminate/Database/Eloquent/Factories/Factory.php:318
/home/emir/Desktop/sentinentx/vendor/laravel/framework/src/Illuminate/Database/Eloquent/Factories/Factory.php:312
/home/emir/Desktop/sentinentx/tests/Unit/Services/Trading/DailyPnLServiceTest.php:188</error>
        </testcase>
        <testcase name="test_calculates_unrealized_pnl_for_open_positions" file="/home/emir/Desktop/sentinentx/tests/Unit/Services/Trading/DailyPnLServiceTest.php" line="62" class="Tests\Unit\Services\Trading\DailyPnLServiceTest" classname="Tests.Unit.Services.Trading.DailyPnLServiceTest" assertions="0" time="0.107808">
          <error type="Illuminate\Database\QueryException">Tests\Unit\Services\Trading\DailyPnLServiceTest::test_calculates_unrealized_pnl_for_open_positions
Illuminate\Database\QueryException: SQLSTATE[HY000]: General error: 1 table trades has no column named user_id (Connection: sqlite, SQL: insert into "trades" ("symbol", "side", "status", "margin_mode", "leverage", "qty", "entry_price", "take_profit", "stop_loss", "pnl", "pnl_realized", "fees_total", "bybit_order_id", "opened_at", "closed_at", "meta", "created_at", "updated_at", "user_id", "fees_paid") values (BTCUSDT, LONG, OPEN, ISOLATED, 10, 0.1, 43000, 13024.6615, 13984.3734, 25.3, 1153.09, 46.98, df0ce9c3-e19a-3d76-8311-75f821e7d1dd, 2025-08-03 23:01:00, 2025-08-25 14:15:14, "{\"source\":\"E2E_TEST\",\"confidence\":86}", 2025-01-01 08:00:00, 2025-01-01 00:00:00, 1, 2))

/home/emir/Desktop/sentinentx/vendor/laravel/framework/src/Illuminate/Database/Connection.php:824
/home/emir/Desktop/sentinentx/vendor/laravel/framework/src/Illuminate/Database/Connection.php:778
/home/emir/Desktop/sentinentx/vendor/laravel/framework/src/Illuminate/Database/Connection.php:559
/home/emir/Desktop/sentinentx/vendor/laravel/framework/src/Illuminate/Database/Connection.php:523
/home/emir/Desktop/sentinentx/vendor/laravel/framework/src/Illuminate/Database/Query/Processors/Processor.php:32
/home/emir/Desktop/sentinentx/vendor/laravel/framework/src/Illuminate/Database/Query/Builder.php:3853
/home/emir/Desktop/sentinentx/vendor/laravel/framework/src/Illuminate/Database/Eloquent/Builder.php:2220
/home/emir/Desktop/sentinentx/vendor/laravel/framework/src/Illuminate/Database/Eloquent/Model.php:1434
/home/emir/Desktop/sentinentx/vendor/laravel/framework/src/Illuminate/Database/Eloquent/Model.php:1399
/home/emir/Desktop/sentinentx/vendor/laravel/framework/src/Illuminate/Database/Eloquent/Model.php:1238
/home/emir/Desktop/sentinentx/vendor/laravel/framework/src/Illuminate/Database/Eloquent/Factories/Factory.php:367
/home/emir/Desktop/sentinentx/vendor/laravel/framework/src/Illuminate/Collections/Traits/EnumeratesValues.php:271
/home/emir/Desktop/sentinentx/vendor/laravel/framework/src/Illuminate/Database/Eloquent/Factories/Factory.php:362
/home/emir/Desktop/sentinentx/vendor/laravel/framework/src/Illuminate/Database/Eloquent/Factories/Factory.php:318
/home/emir/Desktop/sentinentx/vendor/laravel/framework/src/Illuminate/Database/Eloquent/Factories/Factory.php:312
/home/emir/Desktop/sentinentx/tests/Unit/Services/Trading/DailyPnLServiceTest.php:69</error>
        </testcase>
        <testcase name="test_get_daily_pnl_for_ai_context" file="/home/emir/Desktop/sentinentx/tests/Unit/Services/Trading/DailyPnLServiceTest.php" line="135" class="Tests\Unit\Services\Trading\DailyPnLServiceTest" classname="Tests.Unit.Services.Trading.DailyPnLServiceTest" assertions="0" time="0.128030">
          <error type="Illuminate\Database\QueryException">Tests\Unit\Services\Trading\DailyPnLServiceTest::test_get_daily_pnl_for_ai_context
Illuminate\Database\QueryException: SQLSTATE[HY000]: General error: 1 table trades has no column named user_id (Connection: sqlite, SQL: insert into "trades" ("symbol", "side", "status", "margin_mode", "leverage", "qty", "entry_price", "take_profit", "stop_loss", "pnl", "pnl_realized", "fees_total", "bybit_order_id", "opened_at", "closed_at", "meta", "created_at", "updated_at", "user_id", "fees_paid") values (DOTUSDT, SHORT, CLOSED, ISOLATED, 15, 7.4529, 7797.38, 7407.511, 7953.3276, 30, -651.01, 34.39, 4b0350f5-6a6a-36f2-a0f2-939748a7505b, 2025-08-05 23:40:46, 2025-01-01 10:00:00, "{\"source\":\"E2E_TEST\",\"confidence\":80}", 2025-08-14 02:29:12, 2025-01-01 00:00:00, 1, 2))

/home/emir/Desktop/sentinentx/vendor/laravel/framework/src/Illuminate/Database/Connection.php:824
/home/emir/Desktop/sentinentx/vendor/laravel/framework/src/Illuminate/Database/Connection.php:778
/home/emir/Desktop/sentinentx/vendor/laravel/framework/src/Illuminate/Database/Connection.php:559
/home/emir/Desktop/sentinentx/vendor/laravel/framework/src/Illuminate/Database/Connection.php:523
/home/emir/Desktop/sentinentx/vendor/laravel/framework/src/Illuminate/Database/Query/Processors/Processor.php:32
/home/emir/Desktop/sentinentx/vendor/laravel/framework/src/Illuminate/Database/Query/Builder.php:3853
/home/emir/Desktop/sentinentx/vendor/laravel/framework/src/Illuminate/Database/Eloquent/Builder.php:2220
/home/emir/Desktop/sentinentx/vendor/laravel/framework/src/Illuminate/Database/Eloquent/Model.php:1434
/home/emir/Desktop/sentinentx/vendor/laravel/framework/src/Illuminate/Database/Eloquent/Model.php:1399
/home/emir/Desktop/sentinentx/vendor/laravel/framework/src/Illuminate/Database/Eloquent/Model.php:1238
/home/emir/Desktop/sentinentx/vendor/laravel/framework/src/Illuminate/Database/Eloquent/Factories/Factory.php:367
/home/emir/Desktop/sentinentx/vendor/laravel/framework/src/Illuminate/Collections/Traits/EnumeratesValues.php:271
/home/emir/Desktop/sentinentx/vendor/laravel/framework/src/Illuminate/Database/Eloquent/Factories/Factory.php:362
/home/emir/Desktop/sentinentx/vendor/laravel/framework/src/Illuminate/Database/Eloquent/Factories/Factory.php:318
/home/emir/Desktop/sentinentx/vendor/laravel/framework/src/Illuminate/Database/Eloquent/Factories/Factory.php:312
/home/emir/Desktop/sentinentx/tests/Unit/Services/Trading/DailyPnLServiceTest.php:144</error>
        </testcase>
        <testcase name="test_caches_results_for_performance" file="/home/emir/Desktop/sentinentx/tests/Unit/Services/Trading/DailyPnLServiceTest.php" line="227" class="Tests\Unit\Services\Trading\DailyPnLServiceTest" classname="Tests.Unit.Services.Trading.DailyPnLServiceTest" assertions="0" time="0.113509">
          <error type="Illuminate\Database\QueryException">Tests\Unit\Services\Trading\DailyPnLServiceTest::test_caches_results_for_performance
Illuminate\Database\QueryException: SQLSTATE[HY000]: General error: 1 table trades has no column named user_id (Connection: sqlite, SQL: insert into "trades" ("symbol", "side", "status", "margin_mode", "leverage", "qty", "entry_price", "take_profit", "stop_loss", "pnl", "pnl_realized", "fees_total", "bybit_order_id", "opened_at", "closed_at", "meta", "created_at", "updated_at", "user_id") values (DOTUSDT, LONG, CLOSED, ISOLATED, 12, 2.7995, 54914.99, 57660.7395, 53816.6902, 100, 1563.2, 46.63, 94fe9f22-0699-30a5-9574-4a94102429d0, 2025-08-11 03:36:24, 2025-01-01 10:00:00, "{\"source\":\"E2E_TEST\",\"confidence\":92}", 2025-08-01 23:26:24, 2025-01-01 00:00:00, 1))

/home/emir/Desktop/sentinentx/vendor/laravel/framework/src/Illuminate/Database/Connection.php:824
/home/emir/Desktop/sentinentx/vendor/laravel/framework/src/Illuminate/Database/Connection.php:778
/home/emir/Desktop/sentinentx/vendor/laravel/framework/src/Illuminate/Database/Connection.php:559
/home/emir/Desktop/sentinentx/vendor/laravel/framework/src/Illuminate/Database/Connection.php:523
/home/emir/Desktop/sentinentx/vendor/laravel/framework/src/Illuminate/Database/Query/Processors/Processor.php:32
/home/emir/Desktop/sentinentx/vendor/laravel/framework/src/Illuminate/Database/Query/Builder.php:3853
/home/emir/Desktop/sentinentx/vendor/laravel/framework/src/Illuminate/Database/Eloquent/Builder.php:2220
/home/emir/Desktop/sentinentx/vendor/laravel/framework/src/Illuminate/Database/Eloquent/Model.php:1434
/home/emir/Desktop/sentinentx/vendor/laravel/framework/src/Illuminate/Database/Eloquent/Model.php:1399
/home/emir/Desktop/sentinentx/vendor/laravel/framework/src/Illuminate/Database/Eloquent/Model.php:1238
/home/emir/Desktop/sentinentx/vendor/laravel/framework/src/Illuminate/Database/Eloquent/Factories/Factory.php:367
/home/emir/Desktop/sentinentx/vendor/laravel/framework/src/Illuminate/Collections/Traits/EnumeratesValues.php:271
/home/emir/Desktop/sentinentx/vendor/laravel/framework/src/Illuminate/Database/Eloquent/Factories/Factory.php:362
/home/emir/Desktop/sentinentx/vendor/laravel/framework/src/Illuminate/Database/Eloquent/Factories/Factory.php:318
/home/emir/Desktop/sentinentx/vendor/laravel/framework/src/Illuminate/Database/Eloquent/Factories/Factory.php:312
/home/emir/Desktop/sentinentx/tests/Unit/Services/Trading/DailyPnLServiceTest.php:231</error>
        </testcase>
        <testcase name="test_risk_status_assessment" file="/home/emir/Desktop/sentinentx/tests/Unit/Services/Trading/DailyPnLServiceTest.php" line="162" class="Tests\Unit\Services\Trading\DailyPnLServiceTest" classname="Tests.Unit.Services.Trading.DailyPnLServiceTest" assertions="0" time="0.104081">
          <error type="Illuminate\Database\QueryException">Tests\Unit\Services\Trading\DailyPnLServiceTest::test_risk_status_assessment
Illuminate\Database\QueryException: SQLSTATE[HY000]: General error: 1 table trades has no column named user_id (Connection: sqlite, SQL: insert into "trades" ("symbol", "side", "status", "margin_mode", "leverage", "qty", "entry_price", "take_profit", "stop_loss", "pnl", "pnl_realized", "fees_total", "bybit_order_id", "opened_at", "closed_at", "meta", "created_at", "updated_at", "user_id", "fees_paid") values (ETHUSDT, SHORT, CLOSED, ISOLATED, 6, 1.2297, 62270.84, 59157.298, 63516.2568, 160, -631.87, 22.06, 141e20a4-84c9-3aca-a499-d6bf7be05356, 2025-08-06 11:05:55, 2025-01-01 10:00:00, "{\"source\":\"E2E_TEST\",\"confidence\":94}", 2025-08-23 22:19:42, 2025-01-01 00:00:00, 1, 5))

/home/emir/Desktop/sentinentx/vendor/laravel/framework/src/Illuminate/Database/Connection.php:824
/home/emir/Desktop/sentinentx/vendor/laravel/framework/src/Illuminate/Database/Connection.php:778
/home/emir/Desktop/sentinentx/vendor/laravel/framework/src/Illuminate/Database/Connection.php:559
/home/emir/Desktop/sentinentx/vendor/laravel/framework/src/Illuminate/Database/Connection.php:523
/home/emir/Desktop/sentinentx/vendor/laravel/framework/src/Illuminate/Database/Query/Processors/Processor.php:32
/home/emir/Desktop/sentinentx/vendor/laravel/framework/src/Illuminate/Database/Query/Builder.php:3853
/home/emir/Desktop/sentinentx/vendor/laravel/framework/src/Illuminate/Database/Eloquent/Builder.php:2220
/home/emir/Desktop/sentinentx/vendor/laravel/framework/src/Illuminate/Database/Eloquent/Model.php:1434
/home/emir/Desktop/sentinentx/vendor/laravel/framework/src/Illuminate/Database/Eloquent/Model.php:1399
/home/emir/Desktop/sentinentx/vendor/laravel/framework/src/Illuminate/Database/Eloquent/Model.php:1238
/home/emir/Desktop/sentinentx/vendor/laravel/framework/src/Illuminate/Database/Eloquent/Factories/Factory.php:367
/home/emir/Desktop/sentinentx/vendor/laravel/framework/src/Illuminate/Collections/Traits/EnumeratesValues.php:271
/home/emir/Desktop/sentinentx/vendor/laravel/framework/src/Illuminate/Database/Eloquent/Factories/Factory.php:362
/home/emir/Desktop/sentinentx/vendor/laravel/framework/src/Illuminate/Database/Eloquent/Factories/Factory.php:318
/home/emir/Desktop/sentinentx/vendor/laravel/framework/src/Illuminate/Database/Eloquent/Factories/Factory.php:312
/home/emir/Desktop/sentinentx/tests/Unit/Services/Trading/DailyPnLServiceTest.php:169</error>
        </testcase>
        <testcase name="test_weekly_pnl_summary" file="/home/emir/Desktop/sentinentx/tests/Unit/Services/Trading/DailyPnLServiceTest.php" line="203" class="Tests\Unit\Services\Trading\DailyPnLServiceTest" classname="Tests.Unit.Services.Trading.DailyPnLServiceTest" assertions="0" time="0.119610">
          <error type="Illuminate\Database\QueryException">Tests\Unit\Services\Trading\DailyPnLServiceTest::test_weekly_pnl_summary
Illuminate\Database\QueryException: SQLSTATE[HY000]: General error: 1 table trades has no column named user_id (Connection: sqlite, SQL: insert into "trades" ("symbol", "side", "status", "margin_mode", "leverage", "qty", "entry_price", "take_profit", "stop_loss", "pnl", "pnl_realized", "fees_total", "bybit_order_id", "opened_at", "closed_at", "meta", "created_at", "updated_at", "user_id", "fees_paid") values (ETHUSDT, LONG, CLOSED, ISOLATED, 10, 9.3235, 28379.27, 29798.2335, 27811.6846, 50, 601.99, 38.5, 6c1eb6ca-2c9d-3ad5-8f01-f9b5ebfed1fb, 2025-07-31 05:06:52, 2024-12-30 12:00:00, "{\"source\":\"E2E_TEST\",\"confidence\":98}", 2025-08-12 09:28:19, 2025-01-01 00:00:00, 1, 2))

/home/emir/Desktop/sentinentx/vendor/laravel/framework/src/Illuminate/Database/Connection.php:824
/home/emir/Desktop/sentinentx/vendor/laravel/framework/src/Illuminate/Database/Connection.php:778
/home/emir/Desktop/sentinentx/vendor/laravel/framework/src/Illuminate/Database/Connection.php:559
/home/emir/Desktop/sentinentx/vendor/laravel/framework/src/Illuminate/Database/Connection.php:523
/home/emir/Desktop/sentinentx/vendor/laravel/framework/src/Illuminate/Database/Query/Processors/Processor.php:32
/home/emir/Desktop/sentinentx/vendor/laravel/framework/src/Illuminate/Database/Query/Builder.php:3853
/home/emir/Desktop/sentinentx/vendor/laravel/framework/src/Illuminate/Database/Eloquent/Builder.php:2220
/home/emir/Desktop/sentinentx/vendor/laravel/framework/src/Illuminate/Database/Eloquent/Model.php:1434
/home/emir/Desktop/sentinentx/vendor/laravel/framework/src/Illuminate/Database/Eloquent/Model.php:1399
/home/emir/Desktop/sentinentx/vendor/laravel/framework/src/Illuminate/Database/Eloquent/Model.php:1238
/home/emir/Desktop/sentinentx/vendor/laravel/framework/src/Illuminate/Database/Eloquent/Factories/Factory.php:367
/home/emir/Desktop/sentinentx/vendor/laravel/framework/src/Illuminate/Collections/Traits/EnumeratesValues.php:271
/home/emir/Desktop/sentinentx/vendor/laravel/framework/src/Illuminate/Database/Eloquent/Factories/Factory.php:362
/home/emir/Desktop/sentinentx/vendor/laravel/framework/src/Illuminate/Database/Eloquent/Factories/Factory.php:318
/home/emir/Desktop/sentinentx/vendor/laravel/framework/src/Illuminate/Database/Eloquent/Factories/Factory.php:312
/home/emir/Desktop/sentinentx/tests/Unit/Services/Trading/DailyPnLServiceTest.php:211</error>
        </testcase>
        <testcase name="test_compares_against_daily_target" file="/home/emir/Desktop/sentinentx/tests/Unit/Services/Trading/DailyPnLServiceTest.php" line="111" class="Tests\Unit\Services\Trading\DailyPnLServiceTest" classname="Tests.Unit.Services.Trading.DailyPnLServiceTest" assertions="0" time="0.113676">
          <error type="Illuminate\Database\QueryException">Tests\Unit\Services\Trading\DailyPnLServiceTest::test_compares_against_daily_target
Illuminate\Database\QueryException: SQLSTATE[HY000]: General error: 1 table trades has no column named user_id (Connection: sqlite, SQL: insert into "trades" ("symbol", "side", "status", "margin_mode", "leverage", "qty", "entry_price", "take_profit", "stop_loss", "pnl", "pnl_realized", "fees_total", "bybit_order_id", "opened_at", "closed_at", "meta", "created_at", "updated_at", "user_id", "fees_paid") values (ADAUSDT, SHORT, CLOSED, ISOLATED, 15, 6.4394, 14953.9, 14206.205, 15252.978, 250, 661.66, 30.88, 14dfb70e-7cdd-3739-ac26-e777e836aae1, 2025-07-30 07:01:12, 2025-01-01 12:00:00, "{\"source\":\"E2E_TEST\",\"confidence\":92}", 2025-08-25 23:53:29, 2025-01-01 00:00:00, 1, 5))

/home/emir/Desktop/sentinentx/vendor/laravel/framework/src/Illuminate/Database/Connection.php:824
/home/emir/Desktop/sentinentx/vendor/laravel/framework/src/Illuminate/Database/Connection.php:778
/home/emir/Desktop/sentinentx/vendor/laravel/framework/src/Illuminate/Database/Connection.php:559
/home/emir/Desktop/sentinentx/vendor/laravel/framework/src/Illuminate/Database/Connection.php:523
/home/emir/Desktop/sentinentx/vendor/laravel/framework/src/Illuminate/Database/Query/Processors/Processor.php:32
/home/emir/Desktop/sentinentx/vendor/laravel/framework/src/Illuminate/Database/Query/Builder.php:3853
/home/emir/Desktop/sentinentx/vendor/laravel/framework/src/Illuminate/Database/Eloquent/Builder.php:2220
/home/emir/Desktop/sentinentx/vendor/laravel/framework/src/Illuminate/Database/Eloquent/Model.php:1434
/home/emir/Desktop/sentinentx/vendor/laravel/framework/src/Illuminate/Database/Eloquent/Model.php:1399
/home/emir/Desktop/sentinentx/vendor/laravel/framework/src/Illuminate/Database/Eloquent/Model.php:1238
/home/emir/Desktop/sentinentx/vendor/laravel/framework/src/Illuminate/Database/Eloquent/Factories/Factory.php:367
/home/emir/Desktop/sentinentx/vendor/laravel/framework/src/Illuminate/Collections/Traits/EnumeratesValues.php:271
/home/emir/Desktop/sentinentx/vendor/laravel/framework/src/Illuminate/Database/Eloquent/Factories/Factory.php:362
/home/emir/Desktop/sentinentx/vendor/laravel/framework/src/Illuminate/Database/Eloquent/Factories/Factory.php:318
/home/emir/Desktop/sentinentx/vendor/laravel/framework/src/Illuminate/Database/Eloquent/Factories/Factory.php:312
/home/emir/Desktop/sentinentx/tests/Unit/Services/Trading/DailyPnLServiceTest.php:120</error>
        </testcase>
        <testcase name="test_handles_different_risk_profiles" file="/home/emir/Desktop/sentinentx/tests/Unit/Services/Trading/DailyPnLServiceTest.php" line="248" class="Tests\Unit\Services\Trading\DailyPnLServiceTest" classname="Tests.Unit.Services.Trading.DailyPnLServiceTest" assertions="3" time="0.164726"/>
        <testcase name="test_calculates_daily_pnl_for_completed_trades" file="/home/emir/Desktop/sentinentx/tests/Unit/Services/Trading/DailyPnLServiceTest.php" line="28" class="Tests\Unit\Services\Trading\DailyPnLServiceTest" classname="Tests.Unit.Services.Trading.DailyPnLServiceTest" assertions="0" time="0.110447">
          <error type="Illuminate\Database\QueryException">Tests\Unit\Services\Trading\DailyPnLServiceTest::test_calculates_daily_pnl_for_completed_trades
Illuminate\Database\QueryException: SQLSTATE[HY000]: General error: 1 table trades has no column named user_id (Connection: sqlite, SQL: insert into "trades" ("symbol", "side", "status", "margin_mode", "leverage", "qty", "entry_price", "take_profit", "stop_loss", "pnl", "pnl_realized", "fees_total", "bybit_order_id", "opened_at", "closed_at", "meta", "created_at", "updated_at", "user_id", "fees_paid") values (ETHUSDT, SHORT, CLOSED, ISOLATED, 6, 9.1651, 53063.89, 50410.6955, 54125.1678, 150.5, 118.58, 11.1, 20f8671b-589e-3aab-bd08-03de32aaabec, 2025-08-08 11:01:31, 2025-01-01 10:00:00, "{\"source\":\"E2E_TEST\",\"confidence\":81}", 2025-08-20 16:08:00, 2025-01-01 00:00:00, 1, 5))

/home/emir/Desktop/sentinentx/vendor/laravel/framework/src/Illuminate/Database/Connection.php:824
/home/emir/Desktop/sentinentx/vendor/laravel/framework/src/Illuminate/Database/Connection.php:778
/home/emir/Desktop/sentinentx/vendor/laravel/framework/src/Illuminate/Database/Connection.php:559
/home/emir/Desktop/sentinentx/vendor/laravel/framework/src/Illuminate/Database/Connection.php:523
/home/emir/Desktop/sentinentx/vendor/laravel/framework/src/Illuminate/Database/Query/Processors/Processor.php:32
/home/emir/Desktop/sentinentx/vendor/laravel/framework/src/Illuminate/Database/Query/Builder.php:3853
/home/emir/Desktop/sentinentx/vendor/laravel/framework/src/Illuminate/Database/Eloquent/Builder.php:2220
/home/emir/Desktop/sentinentx/vendor/laravel/framework/src/Illuminate/Database/Eloquent/Model.php:1434
/home/emir/Desktop/sentinentx/vendor/laravel/framework/src/Illuminate/Database/Eloquent/Model.php:1399
/home/emir/Desktop/sentinentx/vendor/laravel/framework/src/Illuminate/Database/Eloquent/Model.php:1238
/home/emir/Desktop/sentinentx/vendor/laravel/framework/src/Illuminate/Database/Eloquent/Factories/Factory.php:367
/home/emir/Desktop/sentinentx/vendor/laravel/framework/src/Illuminate/Collections/Traits/EnumeratesValues.php:271
/home/emir/Desktop/sentinentx/vendor/laravel/framework/src/Illuminate/Database/Eloquent/Factories/Factory.php:362
/home/emir/Desktop/sentinentx/vendor/laravel/framework/src/Illuminate/Database/Eloquent/Factories/Factory.php:318
/home/emir/Desktop/sentinentx/vendor/laravel/framework/src/Illuminate/Database/Eloquent/Factories/Factory.php:312
/home/emir/Desktop/sentinentx/tests/Unit/Services/Trading/DailyPnLServiceTest.php:37</error>
        </testcase>
      </testsuite>
    </testsuite>
  </testsuite>
</testsuites>
